// Jest Snapshot v1, https://goo.gl/fbAQLP

exports[`BacklogMcpStack スナップショットテスト dev環境のスタックのスナップショットが一致する 1`] = `
Object {
  "Outputs": Object {
    "ApiGatewayUrl": Object {
      "Description": "API Gateway endpoint URL",
      "Export": Object {
        "Name": "backlog-mcp-dev-api-url",
      },
      "Value": Object {
        "Fn::Join": Array [
          "",
          Array [
            "https://",
            Object {
              "Ref": "BacklogMcpApi7DC2F710",
            },
            ".execute-api.",
            Object {
              "Ref": "AWS::Region",
            },
            ".",
            Object {
              "Ref": "AWS::URLSuffix",
            },
            "/",
            Object {
              "Ref": "BacklogMcpApiDeploymentStagedevC327B7F2",
            },
            "/",
          ],
        ],
      },
    },
    "ApiKeyId": Object {
      "Description": "API Key ID",
      "Export": Object {
        "Name": "backlog-mcp-dev-api-key-id",
      },
      "Value": Object {
        "Ref": "BacklogMcpApiKey5D31321F",
      },
    },
    "BacklogMcpApiEndpointA1B01264": Object {
      "Value": Object {
        "Fn::Join": Array [
          "",
          Array [
            "https://",
            Object {
              "Ref": "BacklogMcpApi7DC2F710",
            },
            ".execute-api.",
            Object {
              "Ref": "AWS::Region",
            },
            ".",
            Object {
              "Ref": "AWS::URLSuffix",
            },
            "/",
            Object {
              "Ref": "BacklogMcpApiDeploymentStagedevC327B7F2",
            },
            "/",
          ],
        ],
      },
    },
    "CloudFrontDomain": Object {
      "Description": "CloudFront distribution domain name",
      "Export": Object {
        "Name": "backlog-mcp-dev-cloudfront-domain",
      },
      "Value": Object {
        "Fn::GetAtt": Array [
          "ApiDistribution1DFA7F7C",
          "DomainName",
        ],
      },
    },
    "Environment": Object {
      "Value": "dev",
    },
  },
  "Parameters": Object {
    "BootstrapVersion": Object {
      "Default": "/cdk-bootstrap/hnb659fds/version",
      "Description": "Version of the CDK Bootstrap resources in this environment, automatically retrieved from SSM Parameter Store. [cdk:skip]",
      "Type": "AWS::SSM::Parameter::Value<String>",
    },
  },
  "Resources": Object {
    "ApiCachePolicyF71AA3E6": Object {
      "Properties": Object {
        "CachePolicyConfig": Object {
          "DefaultTTL": 5,
          "MaxTTL": 15,
          "MinTTL": 0,
          "Name": "backlog-mcp-dev-cache-policy",
          "ParametersInCacheKeyAndForwardedToOrigin": Object {
            "CookiesConfig": Object {
              "CookieBehavior": "none",
            },
            "EnableAcceptEncodingBrotli": true,
            "EnableAcceptEncodingGzip": true,
            "HeadersConfig": Object {
              "HeaderBehavior": "none",
            },
            "QueryStringsConfig": Object {
              "QueryStringBehavior": "none",
            },
          },
        },
      },
      "Type": "AWS::CloudFront::CachePolicy",
    },
    "ApiDistribution1DFA7F7C": Object {
      "Properties": Object {
        "DistributionConfig": Object {
          "Comment": "Backlog MCP API Distribution (dev)",
          "DefaultCacheBehavior": Object {
            "AllowedMethods": Array [
              "GET",
              "HEAD",
              "OPTIONS",
              "PUT",
              "PATCH",
              "POST",
              "DELETE",
            ],
            "CachePolicyId": Object {
              "Ref": "ApiCachePolicyF71AA3E6",
            },
            "CachedMethods": Array [
              "GET",
              "HEAD",
              "OPTIONS",
            ],
            "Compress": true,
            "ResponseHeadersPolicyId": Object {
              "Ref": "SecurityHeadersE66B69D3",
            },
            "TargetOriginId": "TestStackApiDistributionOrigin1FB55D817",
            "ViewerProtocolPolicy": "https-only",
          },
          "Enabled": true,
          "HttpVersion": "http2",
          "IPV6Enabled": true,
          "Logging": Object {
            "Bucket": Object {
              "Fn::GetAtt": Array [
                "ApiDistributionLoggingBucket18BAC8F5",
                "RegionalDomainName",
              ],
            },
            "IncludeCookies": false,
          },
          "Origins": Array [
            Object {
              "CustomOriginConfig": Object {
                "OriginProtocolPolicy": "https-only",
                "OriginSSLProtocols": Array [
                  "TLSv1.2",
                ],
              },
              "DomainName": Object {
                "Fn::Select": Array [
                  2,
                  Object {
                    "Fn::Split": Array [
                      "/",
                      Object {
                        "Fn::Join": Array [
                          "",
                          Array [
                            "https://",
                            Object {
                              "Ref": "BacklogMcpApi7DC2F710",
                            },
                            ".execute-api.",
                            Object {
                              "Ref": "AWS::Region",
                            },
                            ".",
                            Object {
                              "Ref": "AWS::URLSuffix",
                            },
                            "/",
                            Object {
                              "Ref": "BacklogMcpApiDeploymentStagedevC327B7F2",
                            },
                            "/",
                          ],
                        ],
                      },
                    ],
                  },
                ],
              },
              "Id": "TestStackApiDistributionOrigin1FB55D817",
              "OriginPath": Object {
                "Fn::Join": Array [
                  "",
                  Array [
                    "/",
                    Object {
                      "Fn::Select": Array [
                        3,
                        Object {
                          "Fn::Split": Array [
                            "/",
                            Object {
                              "Fn::Join": Array [
                                "",
                                Array [
                                  "https://",
                                  Object {
                                    "Ref": "BacklogMcpApi7DC2F710",
                                  },
                                  ".execute-api.",
                                  Object {
                                    "Ref": "AWS::Region",
                                  },
                                  ".",
                                  Object {
                                    "Ref": "AWS::URLSuffix",
                                  },
                                  "/",
                                  Object {
                                    "Ref": "BacklogMcpApiDeploymentStagedevC327B7F2",
                                  },
                                  "/",
                                ],
                              ],
                            },
                          ],
                        },
                      ],
                    },
                  ],
                ],
              },
            },
          ],
          "PriceClass": "PriceClass_100",
        },
      },
      "Type": "AWS::CloudFront::Distribution",
    },
    "ApiDistributionLoggingBucket18BAC8F5": Object {
      "DeletionPolicy": "Retain",
      "Properties": Object {
        "BucketEncryption": Object {
          "ServerSideEncryptionConfiguration": Array [
            Object {
              "ServerSideEncryptionByDefault": Object {
                "SSEAlgorithm": "AES256",
              },
            },
          ],
        },
        "OwnershipControls": Object {
          "Rules": Array [
            Object {
              "ObjectOwnership": "ObjectWriter",
            },
          ],
        },
      },
      "Type": "AWS::S3::Bucket",
      "UpdateReplacePolicy": "Retain",
    },
    "BacklogMcpApi7DC2F710": Object {
      "Properties": Object {
        "Description": "API for Backlog Model Context Protocol (dev)",
        "Name": "backlog-mcp-dev-api",
      },
      "Type": "AWS::ApiGateway::RestApi",
    },
    "BacklogMcpApiAccount6119C13E": Object {
      "DeletionPolicy": "Retain",
      "DependsOn": Array [
        "BacklogMcpApi7DC2F710",
      ],
      "Properties": Object {
        "CloudWatchRoleArn": Object {
          "Fn::GetAtt": Array [
            "BacklogMcpApiCloudWatchRole74426552",
            "Arn",
          ],
        },
      },
      "Type": "AWS::ApiGateway::Account",
      "UpdateReplacePolicy": "Retain",
    },
    "BacklogMcpApiCloudWatchRole74426552": Object {
      "DeletionPolicy": "Retain",
      "Properties": Object {
        "AssumeRolePolicyDocument": Object {
          "Statement": Array [
            Object {
              "Action": "sts:AssumeRole",
              "Effect": "Allow",
              "Principal": Object {
                "Service": "apigateway.amazonaws.com",
              },
            },
          ],
          "Version": "2012-10-17",
        },
        "ManagedPolicyArns": Array [
          Object {
            "Fn::Join": Array [
              "",
              Array [
                "arn:",
                Object {
                  "Ref": "AWS::Partition",
                },
                ":iam::aws:policy/service-role/AmazonAPIGatewayPushToCloudWatchLogs",
              ],
            ],
          },
        ],
      },
      "Type": "AWS::IAM::Role",
      "UpdateReplacePolicy": "Retain",
    },
    "BacklogMcpApiDeploymentE07E8A1802b94018dd163f45fc9fdeddc71e5e06": Object {
      "DependsOn": Array [
        "BacklogMcpApiapiOPTIONSA08440AA",
        "BacklogMcpApiapi4C3D5617",
        "BacklogMcpApiapiv1bulkOPTIONS5F2D77ED",
        "BacklogMcpApiapiv1bulkPOSTEEFF7BE8",
        "BacklogMcpApiapiv1bulk586E4C06",
        "BacklogMcpApiapiv1issuesissueIdDELETEC6E9CDBF",
        "BacklogMcpApiapiv1issuesissueIdGETE7CA5CCB",
        "BacklogMcpApiapiv1issuesissueIdOPTIONSCCF4A334",
        "BacklogMcpApiapiv1issuesissueIdPUT4DF73229",
        "BacklogMcpApiapiv1issuesissueIdB8FCFD58",
        "BacklogMcpApiapiv1issuesGET767D4F19",
        "BacklogMcpApiapiv1issuesOPTIONSA2864B03",
        "BacklogMcpApiapiv1issuesPOST7D55E74B",
        "BacklogMcpApiapiv1issues8CE957FE",
        "BacklogMcpApiapiv1OPTIONSBFE0019E",
        "BacklogMcpApiapiv1projectsprojectIdGET3EFC7972",
        "BacklogMcpApiapiv1projectsprojectIdOPTIONS37EB4115",
        "BacklogMcpApiapiv1projectsprojectId2CF48067",
        "BacklogMcpApiapiv1projectsGETC9ED4573",
        "BacklogMcpApiapiv1projectsOPTIONSF3869F57",
        "BacklogMcpApiapiv1projects6F562940",
        "BacklogMcpApiapiv1FBBB9679",
        "BacklogMcpApiOPTIONSB650575A",
      ],
      "Properties": Object {
        "Description": "API for Backlog Model Context Protocol (dev)",
        "RestApiId": Object {
          "Ref": "BacklogMcpApi7DC2F710",
        },
      },
      "Type": "AWS::ApiGateway::Deployment",
    },
    "BacklogMcpApiDeploymentStagedevC327B7F2": Object {
      "DependsOn": Array [
        "BacklogMcpApiAccount6119C13E",
      ],
      "Properties": Object {
        "DeploymentId": Object {
          "Ref": "BacklogMcpApiDeploymentE07E8A1802b94018dd163f45fc9fdeddc71e5e06",
        },
        "MethodSettings": Array [
          Object {
            "DataTraceEnabled": true,
            "HttpMethod": "*",
            "LoggingLevel": "INFO",
            "MetricsEnabled": true,
            "ResourcePath": "/*",
          },
        ],
        "RestApiId": Object {
          "Ref": "BacklogMcpApi7DC2F710",
        },
        "StageName": "dev",
        "TracingEnabled": true,
      },
      "Type": "AWS::ApiGateway::Stage",
    },
    "BacklogMcpApiKey5D31321F": Object {
      "Properties": Object {
        "Description": "API Key for Backlog MCP (dev)",
        "Enabled": true,
        "Name": "backlog-mcp-dev-key",
      },
      "Type": "AWS::ApiGateway::ApiKey",
    },
    "BacklogMcpApiOPTIONSB650575A": Object {
      "Properties": Object {
        "ApiKeyRequired": false,
        "AuthorizationType": "NONE",
        "HttpMethod": "OPTIONS",
        "Integration": Object {
          "IntegrationResponses": Array [
            Object {
              "ResponseParameters": Object {
                "method.response.header.Access-Control-Allow-Headers": "'Content-Type,X-Amz-Date,Authorization,X-Api-Key,X-Amz-Security-Token'",
                "method.response.header.Access-Control-Allow-Methods": "'OPTIONS,GET,PUT,POST,DELETE,PATCH,HEAD'",
                "method.response.header.Access-Control-Allow-Origin": "'*'",
              },
              "StatusCode": "204",
            },
          ],
          "RequestTemplates": Object {
            "application/json": "{ statusCode: 200 }",
          },
          "Type": "MOCK",
        },
        "MethodResponses": Array [
          Object {
            "ResponseParameters": Object {
              "method.response.header.Access-Control-Allow-Headers": true,
              "method.response.header.Access-Control-Allow-Methods": true,
              "method.response.header.Access-Control-Allow-Origin": true,
            },
            "StatusCode": "204",
          },
        ],
        "ResourceId": Object {
          "Fn::GetAtt": Array [
            "BacklogMcpApi7DC2F710",
            "RootResourceId",
          ],
        },
        "RestApiId": Object {
          "Ref": "BacklogMcpApi7DC2F710",
        },
      },
      "Type": "AWS::ApiGateway::Method",
    },
    "BacklogMcpApiapi4C3D5617": Object {
      "Properties": Object {
        "ParentId": Object {
          "Fn::GetAtt": Array [
            "BacklogMcpApi7DC2F710",
            "RootResourceId",
          ],
        },
        "PathPart": "api",
        "RestApiId": Object {
          "Ref": "BacklogMcpApi7DC2F710",
        },
      },
      "Type": "AWS::ApiGateway::Resource",
    },
    "BacklogMcpApiapiOPTIONSA08440AA": Object {
      "Properties": Object {
        "ApiKeyRequired": false,
        "AuthorizationType": "NONE",
        "HttpMethod": "OPTIONS",
        "Integration": Object {
          "IntegrationResponses": Array [
            Object {
              "ResponseParameters": Object {
                "method.response.header.Access-Control-Allow-Headers": "'Content-Type,X-Amz-Date,Authorization,X-Api-Key,X-Amz-Security-Token'",
                "method.response.header.Access-Control-Allow-Methods": "'OPTIONS,GET,PUT,POST,DELETE,PATCH,HEAD'",
                "method.response.header.Access-Control-Allow-Origin": "'*'",
              },
              "StatusCode": "204",
            },
          ],
          "RequestTemplates": Object {
            "application/json": "{ statusCode: 200 }",
          },
          "Type": "MOCK",
        },
        "MethodResponses": Array [
          Object {
            "ResponseParameters": Object {
              "method.response.header.Access-Control-Allow-Headers": true,
              "method.response.header.Access-Control-Allow-Methods": true,
              "method.response.header.Access-Control-Allow-Origin": true,
            },
            "StatusCode": "204",
          },
        ],
        "ResourceId": Object {
          "Ref": "BacklogMcpApiapi4C3D5617",
        },
        "RestApiId": Object {
          "Ref": "BacklogMcpApi7DC2F710",
        },
      },
      "Type": "AWS::ApiGateway::Method",
    },
    "BacklogMcpApiapiv1FBBB9679": Object {
      "Properties": Object {
        "ParentId": Object {
          "Ref": "BacklogMcpApiapi4C3D5617",
        },
        "PathPart": "v1",
        "RestApiId": Object {
          "Ref": "BacklogMcpApi7DC2F710",
        },
      },
      "Type": "AWS::ApiGateway::Resource",
    },
    "BacklogMcpApiapiv1OPTIONSBFE0019E": Object {
      "Properties": Object {
        "ApiKeyRequired": false,
        "AuthorizationType": "NONE",
        "HttpMethod": "OPTIONS",
        "Integration": Object {
          "IntegrationResponses": Array [
            Object {
              "ResponseParameters": Object {
                "method.response.header.Access-Control-Allow-Headers": "'Content-Type,X-Amz-Date,Authorization,X-Api-Key,X-Amz-Security-Token'",
                "method.response.header.Access-Control-Allow-Methods": "'OPTIONS,GET,PUT,POST,DELETE,PATCH,HEAD'",
                "method.response.header.Access-Control-Allow-Origin": "'*'",
              },
              "StatusCode": "204",
            },
          ],
          "RequestTemplates": Object {
            "application/json": "{ statusCode: 200 }",
          },
          "Type": "MOCK",
        },
        "MethodResponses": Array [
          Object {
            "ResponseParameters": Object {
              "method.response.header.Access-Control-Allow-Headers": true,
              "method.response.header.Access-Control-Allow-Methods": true,
              "method.response.header.Access-Control-Allow-Origin": true,
            },
            "StatusCode": "204",
          },
        ],
        "ResourceId": Object {
          "Ref": "BacklogMcpApiapiv1FBBB9679",
        },
        "RestApiId": Object {
          "Ref": "BacklogMcpApi7DC2F710",
        },
      },
      "Type": "AWS::ApiGateway::Method",
    },
    "BacklogMcpApiapiv1bulk586E4C06": Object {
      "Properties": Object {
        "ParentId": Object {
          "Ref": "BacklogMcpApiapiv1FBBB9679",
        },
        "PathPart": "bulk",
        "RestApiId": Object {
          "Ref": "BacklogMcpApi7DC2F710",
        },
      },
      "Type": "AWS::ApiGateway::Resource",
    },
    "BacklogMcpApiapiv1bulkOPTIONS5F2D77ED": Object {
      "Properties": Object {
        "ApiKeyRequired": false,
        "AuthorizationType": "NONE",
        "HttpMethod": "OPTIONS",
        "Integration": Object {
          "IntegrationResponses": Array [
            Object {
              "ResponseParameters": Object {
                "method.response.header.Access-Control-Allow-Headers": "'Content-Type,X-Amz-Date,Authorization,X-Api-Key,X-Amz-Security-Token'",
                "method.response.header.Access-Control-Allow-Methods": "'OPTIONS,GET,PUT,POST,DELETE,PATCH,HEAD'",
                "method.response.header.Access-Control-Allow-Origin": "'*'",
              },
              "StatusCode": "204",
            },
          ],
          "RequestTemplates": Object {
            "application/json": "{ statusCode: 200 }",
          },
          "Type": "MOCK",
        },
        "MethodResponses": Array [
          Object {
            "ResponseParameters": Object {
              "method.response.header.Access-Control-Allow-Headers": true,
              "method.response.header.Access-Control-Allow-Methods": true,
              "method.response.header.Access-Control-Allow-Origin": true,
            },
            "StatusCode": "204",
          },
        ],
        "ResourceId": Object {
          "Ref": "BacklogMcpApiapiv1bulk586E4C06",
        },
        "RestApiId": Object {
          "Ref": "BacklogMcpApi7DC2F710",
        },
      },
      "Type": "AWS::ApiGateway::Method",
    },
    "BacklogMcpApiapiv1bulkPOSTApiPermissionTestStackBacklogMcpApi48E17778POSTapiv1bulk2280942B": Object {
      "Properties": Object {
        "Action": "lambda:InvokeFunction",
        "FunctionName": Object {
          "Fn::GetAtt": Array [
            "BacklogMcpFunctionE98A2DD9",
            "Arn",
          ],
        },
        "Principal": "apigateway.amazonaws.com",
        "SourceArn": Object {
          "Fn::Join": Array [
            "",
            Array [
              "arn:",
              Object {
                "Ref": "AWS::Partition",
              },
              ":execute-api:",
              Object {
                "Ref": "AWS::Region",
              },
              ":",
              Object {
                "Ref": "AWS::AccountId",
              },
              ":",
              Object {
                "Ref": "BacklogMcpApi7DC2F710",
              },
              "/",
              Object {
                "Ref": "BacklogMcpApiDeploymentStagedevC327B7F2",
              },
              "/POST/api/v1/bulk",
            ],
          ],
        },
      },
      "Type": "AWS::Lambda::Permission",
    },
    "BacklogMcpApiapiv1bulkPOSTApiPermissionTestTestStackBacklogMcpApi48E17778POSTapiv1bulkEB6B2442": Object {
      "Properties": Object {
        "Action": "lambda:InvokeFunction",
        "FunctionName": Object {
          "Fn::GetAtt": Array [
            "BacklogMcpFunctionE98A2DD9",
            "Arn",
          ],
        },
        "Principal": "apigateway.amazonaws.com",
        "SourceArn": Object {
          "Fn::Join": Array [
            "",
            Array [
              "arn:",
              Object {
                "Ref": "AWS::Partition",
              },
              ":execute-api:",
              Object {
                "Ref": "AWS::Region",
              },
              ":",
              Object {
                "Ref": "AWS::AccountId",
              },
              ":",
              Object {
                "Ref": "BacklogMcpApi7DC2F710",
              },
              "/test-invoke-stage/POST/api/v1/bulk",
            ],
          ],
        },
      },
      "Type": "AWS::Lambda::Permission",
    },
    "BacklogMcpApiapiv1bulkPOSTEEFF7BE8": Object {
      "Properties": Object {
        "ApiKeyRequired": true,
        "AuthorizationType": "NONE",
        "HttpMethod": "POST",
        "Integration": Object {
          "IntegrationHttpMethod": "POST",
          "Type": "AWS_PROXY",
          "Uri": Object {
            "Fn::Join": Array [
              "",
              Array [
                "arn:",
                Object {
                  "Ref": "AWS::Partition",
                },
                ":apigateway:",
                Object {
                  "Ref": "AWS::Region",
                },
                ":lambda:path/2015-03-31/functions/",
                Object {
                  "Fn::GetAtt": Array [
                    "BacklogMcpFunctionE98A2DD9",
                    "Arn",
                  ],
                },
                "/invocations",
              ],
            ],
          },
        },
        "ResourceId": Object {
          "Ref": "BacklogMcpApiapiv1bulk586E4C06",
        },
        "RestApiId": Object {
          "Ref": "BacklogMcpApi7DC2F710",
        },
      },
      "Type": "AWS::ApiGateway::Method",
    },
    "BacklogMcpApiapiv1issues8CE957FE": Object {
      "Properties": Object {
        "ParentId": Object {
          "Ref": "BacklogMcpApiapiv1FBBB9679",
        },
        "PathPart": "issues",
        "RestApiId": Object {
          "Ref": "BacklogMcpApi7DC2F710",
        },
      },
      "Type": "AWS::ApiGateway::Resource",
    },
    "BacklogMcpApiapiv1issuesGET767D4F19": Object {
      "Properties": Object {
        "ApiKeyRequired": true,
        "AuthorizationType": "NONE",
        "HttpMethod": "GET",
        "Integration": Object {
          "IntegrationHttpMethod": "POST",
          "Type": "AWS_PROXY",
          "Uri": Object {
            "Fn::Join": Array [
              "",
              Array [
                "arn:",
                Object {
                  "Ref": "AWS::Partition",
                },
                ":apigateway:",
                Object {
                  "Ref": "AWS::Region",
                },
                ":lambda:path/2015-03-31/functions/",
                Object {
                  "Fn::GetAtt": Array [
                    "BacklogMcpFunctionE98A2DD9",
                    "Arn",
                  ],
                },
                "/invocations",
              ],
            ],
          },
        },
        "ResourceId": Object {
          "Ref": "BacklogMcpApiapiv1issues8CE957FE",
        },
        "RestApiId": Object {
          "Ref": "BacklogMcpApi7DC2F710",
        },
      },
      "Type": "AWS::ApiGateway::Method",
    },
    "BacklogMcpApiapiv1issuesGETApiPermissionTestStackBacklogMcpApi48E17778GETapiv1issues0EC44E22": Object {
      "Properties": Object {
        "Action": "lambda:InvokeFunction",
        "FunctionName": Object {
          "Fn::GetAtt": Array [
            "BacklogMcpFunctionE98A2DD9",
            "Arn",
          ],
        },
        "Principal": "apigateway.amazonaws.com",
        "SourceArn": Object {
          "Fn::Join": Array [
            "",
            Array [
              "arn:",
              Object {
                "Ref": "AWS::Partition",
              },
              ":execute-api:",
              Object {
                "Ref": "AWS::Region",
              },
              ":",
              Object {
                "Ref": "AWS::AccountId",
              },
              ":",
              Object {
                "Ref": "BacklogMcpApi7DC2F710",
              },
              "/",
              Object {
                "Ref": "BacklogMcpApiDeploymentStagedevC327B7F2",
              },
              "/GET/api/v1/issues",
            ],
          ],
        },
      },
      "Type": "AWS::Lambda::Permission",
    },
    "BacklogMcpApiapiv1issuesGETApiPermissionTestTestStackBacklogMcpApi48E17778GETapiv1issuesE882E64A": Object {
      "Properties": Object {
        "Action": "lambda:InvokeFunction",
        "FunctionName": Object {
          "Fn::GetAtt": Array [
            "BacklogMcpFunctionE98A2DD9",
            "Arn",
          ],
        },
        "Principal": "apigateway.amazonaws.com",
        "SourceArn": Object {
          "Fn::Join": Array [
            "",
            Array [
              "arn:",
              Object {
                "Ref": "AWS::Partition",
              },
              ":execute-api:",
              Object {
                "Ref": "AWS::Region",
              },
              ":",
              Object {
                "Ref": "AWS::AccountId",
              },
              ":",
              Object {
                "Ref": "BacklogMcpApi7DC2F710",
              },
              "/test-invoke-stage/GET/api/v1/issues",
            ],
          ],
        },
      },
      "Type": "AWS::Lambda::Permission",
    },
    "BacklogMcpApiapiv1issuesOPTIONSA2864B03": Object {
      "Properties": Object {
        "ApiKeyRequired": false,
        "AuthorizationType": "NONE",
        "HttpMethod": "OPTIONS",
        "Integration": Object {
          "IntegrationResponses": Array [
            Object {
              "ResponseParameters": Object {
                "method.response.header.Access-Control-Allow-Headers": "'Content-Type,X-Amz-Date,Authorization,X-Api-Key,X-Amz-Security-Token'",
                "method.response.header.Access-Control-Allow-Methods": "'OPTIONS,GET,PUT,POST,DELETE,PATCH,HEAD'",
                "method.response.header.Access-Control-Allow-Origin": "'*'",
              },
              "StatusCode": "204",
            },
          ],
          "RequestTemplates": Object {
            "application/json": "{ statusCode: 200 }",
          },
          "Type": "MOCK",
        },
        "MethodResponses": Array [
          Object {
            "ResponseParameters": Object {
              "method.response.header.Access-Control-Allow-Headers": true,
              "method.response.header.Access-Control-Allow-Methods": true,
              "method.response.header.Access-Control-Allow-Origin": true,
            },
            "StatusCode": "204",
          },
        ],
        "ResourceId": Object {
          "Ref": "BacklogMcpApiapiv1issues8CE957FE",
        },
        "RestApiId": Object {
          "Ref": "BacklogMcpApi7DC2F710",
        },
      },
      "Type": "AWS::ApiGateway::Method",
    },
    "BacklogMcpApiapiv1issuesPOST7D55E74B": Object {
      "Properties": Object {
        "ApiKeyRequired": true,
        "AuthorizationType": "NONE",
        "HttpMethod": "POST",
        "Integration": Object {
          "IntegrationHttpMethod": "POST",
          "Type": "AWS_PROXY",
          "Uri": Object {
            "Fn::Join": Array [
              "",
              Array [
                "arn:",
                Object {
                  "Ref": "AWS::Partition",
                },
                ":apigateway:",
                Object {
                  "Ref": "AWS::Region",
                },
                ":lambda:path/2015-03-31/functions/",
                Object {
                  "Fn::GetAtt": Array [
                    "BacklogMcpFunctionE98A2DD9",
                    "Arn",
                  ],
                },
                "/invocations",
              ],
            ],
          },
        },
        "ResourceId": Object {
          "Ref": "BacklogMcpApiapiv1issues8CE957FE",
        },
        "RestApiId": Object {
          "Ref": "BacklogMcpApi7DC2F710",
        },
      },
      "Type": "AWS::ApiGateway::Method",
    },
    "BacklogMcpApiapiv1issuesPOSTApiPermissionTestStackBacklogMcpApi48E17778POSTapiv1issues56D2FD8E": Object {
      "Properties": Object {
        "Action": "lambda:InvokeFunction",
        "FunctionName": Object {
          "Fn::GetAtt": Array [
            "BacklogMcpFunctionE98A2DD9",
            "Arn",
          ],
        },
        "Principal": "apigateway.amazonaws.com",
        "SourceArn": Object {
          "Fn::Join": Array [
            "",
            Array [
              "arn:",
              Object {
                "Ref": "AWS::Partition",
              },
              ":execute-api:",
              Object {
                "Ref": "AWS::Region",
              },
              ":",
              Object {
                "Ref": "AWS::AccountId",
              },
              ":",
              Object {
                "Ref": "BacklogMcpApi7DC2F710",
              },
              "/",
              Object {
                "Ref": "BacklogMcpApiDeploymentStagedevC327B7F2",
              },
              "/POST/api/v1/issues",
            ],
          ],
        },
      },
      "Type": "AWS::Lambda::Permission",
    },
    "BacklogMcpApiapiv1issuesPOSTApiPermissionTestTestStackBacklogMcpApi48E17778POSTapiv1issues13042D3A": Object {
      "Properties": Object {
        "Action": "lambda:InvokeFunction",
        "FunctionName": Object {
          "Fn::GetAtt": Array [
            "BacklogMcpFunctionE98A2DD9",
            "Arn",
          ],
        },
        "Principal": "apigateway.amazonaws.com",
        "SourceArn": Object {
          "Fn::Join": Array [
            "",
            Array [
              "arn:",
              Object {
                "Ref": "AWS::Partition",
              },
              ":execute-api:",
              Object {
                "Ref": "AWS::Region",
              },
              ":",
              Object {
                "Ref": "AWS::AccountId",
              },
              ":",
              Object {
                "Ref": "BacklogMcpApi7DC2F710",
              },
              "/test-invoke-stage/POST/api/v1/issues",
            ],
          ],
        },
      },
      "Type": "AWS::Lambda::Permission",
    },
    "BacklogMcpApiapiv1issuesissueIdB8FCFD58": Object {
      "Properties": Object {
        "ParentId": Object {
          "Ref": "BacklogMcpApiapiv1issues8CE957FE",
        },
        "PathPart": "{issueId}",
        "RestApiId": Object {
          "Ref": "BacklogMcpApi7DC2F710",
        },
      },
      "Type": "AWS::ApiGateway::Resource",
    },
    "BacklogMcpApiapiv1issuesissueIdDELETEApiPermissionTestStackBacklogMcpApi48E17778DELETEapiv1issuesissueIdD5FDB5C3": Object {
      "Properties": Object {
        "Action": "lambda:InvokeFunction",
        "FunctionName": Object {
          "Fn::GetAtt": Array [
            "BacklogMcpFunctionE98A2DD9",
            "Arn",
          ],
        },
        "Principal": "apigateway.amazonaws.com",
        "SourceArn": Object {
          "Fn::Join": Array [
            "",
            Array [
              "arn:",
              Object {
                "Ref": "AWS::Partition",
              },
              ":execute-api:",
              Object {
                "Ref": "AWS::Region",
              },
              ":",
              Object {
                "Ref": "AWS::AccountId",
              },
              ":",
              Object {
                "Ref": "BacklogMcpApi7DC2F710",
              },
              "/",
              Object {
                "Ref": "BacklogMcpApiDeploymentStagedevC327B7F2",
              },
              "/DELETE/api/v1/issues/*",
            ],
          ],
        },
      },
      "Type": "AWS::Lambda::Permission",
    },
    "BacklogMcpApiapiv1issuesissueIdDELETEApiPermissionTestTestStackBacklogMcpApi48E17778DELETEapiv1issuesissueIdDB3E9CFF": Object {
      "Properties": Object {
        "Action": "lambda:InvokeFunction",
        "FunctionName": Object {
          "Fn::GetAtt": Array [
            "BacklogMcpFunctionE98A2DD9",
            "Arn",
          ],
        },
        "Principal": "apigateway.amazonaws.com",
        "SourceArn": Object {
          "Fn::Join": Array [
            "",
            Array [
              "arn:",
              Object {
                "Ref": "AWS::Partition",
              },
              ":execute-api:",
              Object {
                "Ref": "AWS::Region",
              },
              ":",
              Object {
                "Ref": "AWS::AccountId",
              },
              ":",
              Object {
                "Ref": "BacklogMcpApi7DC2F710",
              },
              "/test-invoke-stage/DELETE/api/v1/issues/*",
            ],
          ],
        },
      },
      "Type": "AWS::Lambda::Permission",
    },
    "BacklogMcpApiapiv1issuesissueIdDELETEC6E9CDBF": Object {
      "Properties": Object {
        "ApiKeyRequired": true,
        "AuthorizationType": "NONE",
        "HttpMethod": "DELETE",
        "Integration": Object {
          "IntegrationHttpMethod": "POST",
          "Type": "AWS_PROXY",
          "Uri": Object {
            "Fn::Join": Array [
              "",
              Array [
                "arn:",
                Object {
                  "Ref": "AWS::Partition",
                },
                ":apigateway:",
                Object {
                  "Ref": "AWS::Region",
                },
                ":lambda:path/2015-03-31/functions/",
                Object {
                  "Fn::GetAtt": Array [
                    "BacklogMcpFunctionE98A2DD9",
                    "Arn",
                  ],
                },
                "/invocations",
              ],
            ],
          },
        },
        "ResourceId": Object {
          "Ref": "BacklogMcpApiapiv1issuesissueIdB8FCFD58",
        },
        "RestApiId": Object {
          "Ref": "BacklogMcpApi7DC2F710",
        },
      },
      "Type": "AWS::ApiGateway::Method",
    },
    "BacklogMcpApiapiv1issuesissueIdGETApiPermissionTestStackBacklogMcpApi48E17778GETapiv1issuesissueIdE4332757": Object {
      "Properties": Object {
        "Action": "lambda:InvokeFunction",
        "FunctionName": Object {
          "Fn::GetAtt": Array [
            "BacklogMcpFunctionE98A2DD9",
            "Arn",
          ],
        },
        "Principal": "apigateway.amazonaws.com",
        "SourceArn": Object {
          "Fn::Join": Array [
            "",
            Array [
              "arn:",
              Object {
                "Ref": "AWS::Partition",
              },
              ":execute-api:",
              Object {
                "Ref": "AWS::Region",
              },
              ":",
              Object {
                "Ref": "AWS::AccountId",
              },
              ":",
              Object {
                "Ref": "BacklogMcpApi7DC2F710",
              },
              "/",
              Object {
                "Ref": "BacklogMcpApiDeploymentStagedevC327B7F2",
              },
              "/GET/api/v1/issues/*",
            ],
          ],
        },
      },
      "Type": "AWS::Lambda::Permission",
    },
    "BacklogMcpApiapiv1issuesissueIdGETApiPermissionTestTestStackBacklogMcpApi48E17778GETapiv1issuesissueId4CC97103": Object {
      "Properties": Object {
        "Action": "lambda:InvokeFunction",
        "FunctionName": Object {
          "Fn::GetAtt": Array [
            "BacklogMcpFunctionE98A2DD9",
            "Arn",
          ],
        },
        "Principal": "apigateway.amazonaws.com",
        "SourceArn": Object {
          "Fn::Join": Array [
            "",
            Array [
              "arn:",
              Object {
                "Ref": "AWS::Partition",
              },
              ":execute-api:",
              Object {
                "Ref": "AWS::Region",
              },
              ":",
              Object {
                "Ref": "AWS::AccountId",
              },
              ":",
              Object {
                "Ref": "BacklogMcpApi7DC2F710",
              },
              "/test-invoke-stage/GET/api/v1/issues/*",
            ],
          ],
        },
      },
      "Type": "AWS::Lambda::Permission",
    },
    "BacklogMcpApiapiv1issuesissueIdGETE7CA5CCB": Object {
      "Properties": Object {
        "ApiKeyRequired": true,
        "AuthorizationType": "NONE",
        "HttpMethod": "GET",
        "Integration": Object {
          "IntegrationHttpMethod": "POST",
          "Type": "AWS_PROXY",
          "Uri": Object {
            "Fn::Join": Array [
              "",
              Array [
                "arn:",
                Object {
                  "Ref": "AWS::Partition",
                },
                ":apigateway:",
                Object {
                  "Ref": "AWS::Region",
                },
                ":lambda:path/2015-03-31/functions/",
                Object {
                  "Fn::GetAtt": Array [
                    "BacklogMcpFunctionE98A2DD9",
                    "Arn",
                  ],
                },
                "/invocations",
              ],
            ],
          },
        },
        "ResourceId": Object {
          "Ref": "BacklogMcpApiapiv1issuesissueIdB8FCFD58",
        },
        "RestApiId": Object {
          "Ref": "BacklogMcpApi7DC2F710",
        },
      },
      "Type": "AWS::ApiGateway::Method",
    },
    "BacklogMcpApiapiv1issuesissueIdOPTIONSCCF4A334": Object {
      "Properties": Object {
        "ApiKeyRequired": false,
        "AuthorizationType": "NONE",
        "HttpMethod": "OPTIONS",
        "Integration": Object {
          "IntegrationResponses": Array [
            Object {
              "ResponseParameters": Object {
                "method.response.header.Access-Control-Allow-Headers": "'Content-Type,X-Amz-Date,Authorization,X-Api-Key,X-Amz-Security-Token'",
                "method.response.header.Access-Control-Allow-Methods": "'OPTIONS,GET,PUT,POST,DELETE,PATCH,HEAD'",
                "method.response.header.Access-Control-Allow-Origin": "'*'",
              },
              "StatusCode": "204",
            },
          ],
          "RequestTemplates": Object {
            "application/json": "{ statusCode: 200 }",
          },
          "Type": "MOCK",
        },
        "MethodResponses": Array [
          Object {
            "ResponseParameters": Object {
              "method.response.header.Access-Control-Allow-Headers": true,
              "method.response.header.Access-Control-Allow-Methods": true,
              "method.response.header.Access-Control-Allow-Origin": true,
            },
            "StatusCode": "204",
          },
        ],
        "ResourceId": Object {
          "Ref": "BacklogMcpApiapiv1issuesissueIdB8FCFD58",
        },
        "RestApiId": Object {
          "Ref": "BacklogMcpApi7DC2F710",
        },
      },
      "Type": "AWS::ApiGateway::Method",
    },
    "BacklogMcpApiapiv1issuesissueIdPUT4DF73229": Object {
      "Properties": Object {
        "ApiKeyRequired": true,
        "AuthorizationType": "NONE",
        "HttpMethod": "PUT",
        "Integration": Object {
          "IntegrationHttpMethod": "POST",
          "Type": "AWS_PROXY",
          "Uri": Object {
            "Fn::Join": Array [
              "",
              Array [
                "arn:",
                Object {
                  "Ref": "AWS::Partition",
                },
                ":apigateway:",
                Object {
                  "Ref": "AWS::Region",
                },
                ":lambda:path/2015-03-31/functions/",
                Object {
                  "Fn::GetAtt": Array [
                    "BacklogMcpFunctionE98A2DD9",
                    "Arn",
                  ],
                },
                "/invocations",
              ],
            ],
          },
        },
        "ResourceId": Object {
          "Ref": "BacklogMcpApiapiv1issuesissueIdB8FCFD58",
        },
        "RestApiId": Object {
          "Ref": "BacklogMcpApi7DC2F710",
        },
      },
      "Type": "AWS::ApiGateway::Method",
    },
    "BacklogMcpApiapiv1issuesissueIdPUTApiPermissionTestStackBacklogMcpApi48E17778PUTapiv1issuesissueId2C210100": Object {
      "Properties": Object {
        "Action": "lambda:InvokeFunction",
        "FunctionName": Object {
          "Fn::GetAtt": Array [
            "BacklogMcpFunctionE98A2DD9",
            "Arn",
          ],
        },
        "Principal": "apigateway.amazonaws.com",
        "SourceArn": Object {
          "Fn::Join": Array [
            "",
            Array [
              "arn:",
              Object {
                "Ref": "AWS::Partition",
              },
              ":execute-api:",
              Object {
                "Ref": "AWS::Region",
              },
              ":",
              Object {
                "Ref": "AWS::AccountId",
              },
              ":",
              Object {
                "Ref": "BacklogMcpApi7DC2F710",
              },
              "/",
              Object {
                "Ref": "BacklogMcpApiDeploymentStagedevC327B7F2",
              },
              "/PUT/api/v1/issues/*",
            ],
          ],
        },
      },
      "Type": "AWS::Lambda::Permission",
    },
    "BacklogMcpApiapiv1issuesissueIdPUTApiPermissionTestTestStackBacklogMcpApi48E17778PUTapiv1issuesissueId1C1658A1": Object {
      "Properties": Object {
        "Action": "lambda:InvokeFunction",
        "FunctionName": Object {
          "Fn::GetAtt": Array [
            "BacklogMcpFunctionE98A2DD9",
            "Arn",
          ],
        },
        "Principal": "apigateway.amazonaws.com",
        "SourceArn": Object {
          "Fn::Join": Array [
            "",
            Array [
              "arn:",
              Object {
                "Ref": "AWS::Partition",
              },
              ":execute-api:",
              Object {
                "Ref": "AWS::Region",
              },
              ":",
              Object {
                "Ref": "AWS::AccountId",
              },
              ":",
              Object {
                "Ref": "BacklogMcpApi7DC2F710",
              },
              "/test-invoke-stage/PUT/api/v1/issues/*",
            ],
          ],
        },
      },
      "Type": "AWS::Lambda::Permission",
    },
    "BacklogMcpApiapiv1projects6F562940": Object {
      "Properties": Object {
        "ParentId": Object {
          "Ref": "BacklogMcpApiapiv1FBBB9679",
        },
        "PathPart": "projects",
        "RestApiId": Object {
          "Ref": "BacklogMcpApi7DC2F710",
        },
      },
      "Type": "AWS::ApiGateway::Resource",
    },
    "BacklogMcpApiapiv1projectsGETApiPermissionTestStackBacklogMcpApi48E17778GETapiv1projectsE32A5C21": Object {
      "Properties": Object {
        "Action": "lambda:InvokeFunction",
        "FunctionName": Object {
          "Fn::GetAtt": Array [
            "BacklogMcpFunctionE98A2DD9",
            "Arn",
          ],
        },
        "Principal": "apigateway.amazonaws.com",
        "SourceArn": Object {
          "Fn::Join": Array [
            "",
            Array [
              "arn:",
              Object {
                "Ref": "AWS::Partition",
              },
              ":execute-api:",
              Object {
                "Ref": "AWS::Region",
              },
              ":",
              Object {
                "Ref": "AWS::AccountId",
              },
              ":",
              Object {
                "Ref": "BacklogMcpApi7DC2F710",
              },
              "/",
              Object {
                "Ref": "BacklogMcpApiDeploymentStagedevC327B7F2",
              },
              "/GET/api/v1/projects",
            ],
          ],
        },
      },
      "Type": "AWS::Lambda::Permission",
    },
    "BacklogMcpApiapiv1projectsGETApiPermissionTestTestStackBacklogMcpApi48E17778GETapiv1projects6B895492": Object {
      "Properties": Object {
        "Action": "lambda:InvokeFunction",
        "FunctionName": Object {
          "Fn::GetAtt": Array [
            "BacklogMcpFunctionE98A2DD9",
            "Arn",
          ],
        },
        "Principal": "apigateway.amazonaws.com",
        "SourceArn": Object {
          "Fn::Join": Array [
            "",
            Array [
              "arn:",
              Object {
                "Ref": "AWS::Partition",
              },
              ":execute-api:",
              Object {
                "Ref": "AWS::Region",
              },
              ":",
              Object {
                "Ref": "AWS::AccountId",
              },
              ":",
              Object {
                "Ref": "BacklogMcpApi7DC2F710",
              },
              "/test-invoke-stage/GET/api/v1/projects",
            ],
          ],
        },
      },
      "Type": "AWS::Lambda::Permission",
    },
    "BacklogMcpApiapiv1projectsGETC9ED4573": Object {
      "Properties": Object {
        "ApiKeyRequired": true,
        "AuthorizationType": "NONE",
        "HttpMethod": "GET",
        "Integration": Object {
          "IntegrationHttpMethod": "POST",
          "Type": "AWS_PROXY",
          "Uri": Object {
            "Fn::Join": Array [
              "",
              Array [
                "arn:",
                Object {
                  "Ref": "AWS::Partition",
                },
                ":apigateway:",
                Object {
                  "Ref": "AWS::Region",
                },
                ":lambda:path/2015-03-31/functions/",
                Object {
                  "Fn::GetAtt": Array [
                    "BacklogMcpFunctionE98A2DD9",
                    "Arn",
                  ],
                },
                "/invocations",
              ],
            ],
          },
        },
        "ResourceId": Object {
          "Ref": "BacklogMcpApiapiv1projects6F562940",
        },
        "RestApiId": Object {
          "Ref": "BacklogMcpApi7DC2F710",
        },
      },
      "Type": "AWS::ApiGateway::Method",
    },
    "BacklogMcpApiapiv1projectsOPTIONSF3869F57": Object {
      "Properties": Object {
        "ApiKeyRequired": false,
        "AuthorizationType": "NONE",
        "HttpMethod": "OPTIONS",
        "Integration": Object {
          "IntegrationResponses": Array [
            Object {
              "ResponseParameters": Object {
                "method.response.header.Access-Control-Allow-Headers": "'Content-Type,X-Amz-Date,Authorization,X-Api-Key,X-Amz-Security-Token'",
                "method.response.header.Access-Control-Allow-Methods": "'OPTIONS,GET,PUT,POST,DELETE,PATCH,HEAD'",
                "method.response.header.Access-Control-Allow-Origin": "'*'",
              },
              "StatusCode": "204",
            },
          ],
          "RequestTemplates": Object {
            "application/json": "{ statusCode: 200 }",
          },
          "Type": "MOCK",
        },
        "MethodResponses": Array [
          Object {
            "ResponseParameters": Object {
              "method.response.header.Access-Control-Allow-Headers": true,
              "method.response.header.Access-Control-Allow-Methods": true,
              "method.response.header.Access-Control-Allow-Origin": true,
            },
            "StatusCode": "204",
          },
        ],
        "ResourceId": Object {
          "Ref": "BacklogMcpApiapiv1projects6F562940",
        },
        "RestApiId": Object {
          "Ref": "BacklogMcpApi7DC2F710",
        },
      },
      "Type": "AWS::ApiGateway::Method",
    },
    "BacklogMcpApiapiv1projectsprojectId2CF48067": Object {
      "Properties": Object {
        "ParentId": Object {
          "Ref": "BacklogMcpApiapiv1projects6F562940",
        },
        "PathPart": "{projectId}",
        "RestApiId": Object {
          "Ref": "BacklogMcpApi7DC2F710",
        },
      },
      "Type": "AWS::ApiGateway::Resource",
    },
    "BacklogMcpApiapiv1projectsprojectIdGET3EFC7972": Object {
      "Properties": Object {
        "ApiKeyRequired": true,
        "AuthorizationType": "NONE",
        "HttpMethod": "GET",
        "Integration": Object {
          "IntegrationHttpMethod": "POST",
          "Type": "AWS_PROXY",
          "Uri": Object {
            "Fn::Join": Array [
              "",
              Array [
                "arn:",
                Object {
                  "Ref": "AWS::Partition",
                },
                ":apigateway:",
                Object {
                  "Ref": "AWS::Region",
                },
                ":lambda:path/2015-03-31/functions/",
                Object {
                  "Fn::GetAtt": Array [
                    "BacklogMcpFunctionE98A2DD9",
                    "Arn",
                  ],
                },
                "/invocations",
              ],
            ],
          },
        },
        "ResourceId": Object {
          "Ref": "BacklogMcpApiapiv1projectsprojectId2CF48067",
        },
        "RestApiId": Object {
          "Ref": "BacklogMcpApi7DC2F710",
        },
      },
      "Type": "AWS::ApiGateway::Method",
    },
    "BacklogMcpApiapiv1projectsprojectIdGETApiPermissionTestStackBacklogMcpApi48E17778GETapiv1projectsprojectId65B008D2": Object {
      "Properties": Object {
        "Action": "lambda:InvokeFunction",
        "FunctionName": Object {
          "Fn::GetAtt": Array [
            "BacklogMcpFunctionE98A2DD9",
            "Arn",
          ],
        },
        "Principal": "apigateway.amazonaws.com",
        "SourceArn": Object {
          "Fn::Join": Array [
            "",
            Array [
              "arn:",
              Object {
                "Ref": "AWS::Partition",
              },
              ":execute-api:",
              Object {
                "Ref": "AWS::Region",
              },
              ":",
              Object {
                "Ref": "AWS::AccountId",
              },
              ":",
              Object {
                "Ref": "BacklogMcpApi7DC2F710",
              },
              "/",
              Object {
                "Ref": "BacklogMcpApiDeploymentStagedevC327B7F2",
              },
              "/GET/api/v1/projects/*",
            ],
          ],
        },
      },
      "Type": "AWS::Lambda::Permission",
    },
    "BacklogMcpApiapiv1projectsprojectIdGETApiPermissionTestTestStackBacklogMcpApi48E17778GETapiv1projectsprojectIdB15CE27A": Object {
      "Properties": Object {
        "Action": "lambda:InvokeFunction",
        "FunctionName": Object {
          "Fn::GetAtt": Array [
            "BacklogMcpFunctionE98A2DD9",
            "Arn",
          ],
        },
        "Principal": "apigateway.amazonaws.com",
        "SourceArn": Object {
          "Fn::Join": Array [
            "",
            Array [
              "arn:",
              Object {
                "Ref": "AWS::Partition",
              },
              ":execute-api:",
              Object {
                "Ref": "AWS::Region",
              },
              ":",
              Object {
                "Ref": "AWS::AccountId",
              },
              ":",
              Object {
                "Ref": "BacklogMcpApi7DC2F710",
              },
              "/test-invoke-stage/GET/api/v1/projects/*",
            ],
          ],
        },
      },
      "Type": "AWS::Lambda::Permission",
    },
    "BacklogMcpApiapiv1projectsprojectIdOPTIONS37EB4115": Object {
      "Properties": Object {
        "ApiKeyRequired": false,
        "AuthorizationType": "NONE",
        "HttpMethod": "OPTIONS",
        "Integration": Object {
          "IntegrationResponses": Array [
            Object {
              "ResponseParameters": Object {
                "method.response.header.Access-Control-Allow-Headers": "'Content-Type,X-Amz-Date,Authorization,X-Api-Key,X-Amz-Security-Token'",
                "method.response.header.Access-Control-Allow-Methods": "'OPTIONS,GET,PUT,POST,DELETE,PATCH,HEAD'",
                "method.response.header.Access-Control-Allow-Origin": "'*'",
              },
              "StatusCode": "204",
            },
          ],
          "RequestTemplates": Object {
            "application/json": "{ statusCode: 200 }",
          },
          "Type": "MOCK",
        },
        "MethodResponses": Array [
          Object {
            "ResponseParameters": Object {
              "method.response.header.Access-Control-Allow-Headers": true,
              "method.response.header.Access-Control-Allow-Methods": true,
              "method.response.header.Access-Control-Allow-Origin": true,
            },
            "StatusCode": "204",
          },
        ],
        "ResourceId": Object {
          "Ref": "BacklogMcpApiapiv1projectsprojectId2CF48067",
        },
        "RestApiId": Object {
          "Ref": "BacklogMcpApi7DC2F710",
        },
      },
      "Type": "AWS::ApiGateway::Method",
    },
    "BacklogMcpFunctionE98A2DD9": Object {
      "DependsOn": Array [
        "LambdaExecutionRoleDefaultPolicy6D69732F",
        "LambdaExecutionRoleD5C26073",
      ],
      "Properties": Object {
        "Code": Object {
          "ImageUri": Object {
            "Fn::Sub": "\${AWS::AccountId}.dkr.ecr.\${AWS::Region}.\${AWS::URLSuffix}/cdk-hnb659fds-container-assets-\${AWS::AccountId}-\${AWS::Region}:9a1ebca5577e39f408a7a45a782ed351d18df7158364f9bd99d919f692b9020f",
          },
        },
        "Environment": Object {
          "Variables": Object {
            "LOG_LEVEL": "debug",
            "NODE_ENV": "dev",
            "TZ": "Asia/Tokyo",
          },
        },
        "FunctionName": "backlog-mcp-dev-function",
        "LoggingConfig": Object {
          "LogGroup": Object {
            "Ref": "LambdaLogGroup2CA1C11F",
          },
        },
        "MemorySize": 512,
        "PackageType": "Image",
        "Role": Object {
          "Fn::GetAtt": Array [
            "LambdaExecutionRoleD5C26073",
            "Arn",
          ],
        },
        "Timeout": 30,
        "TracingConfig": Object {
          "Mode": "Active",
        },
      },
      "Type": "AWS::Lambda::Function",
    },
    "BacklogMcpUsagePlan75DA7E58": Object {
      "Properties": Object {
        "ApiStages": Array [
          Object {
            "ApiId": Object {
              "Ref": "BacklogMcpApi7DC2F710",
            },
            "Stage": Object {
              "Ref": "BacklogMcpApiDeploymentStagedevC327B7F2",
            },
            "Throttle": Object {},
          },
        ],
        "Description": "Standard usage plan for Backlog MCP API (dev)",
        "Quota": Object {
          "Limit": 5000,
          "Period": "MONTH",
        },
        "Throttle": Object {
          "BurstLimit": 25,
          "RateLimit": 50,
        },
        "UsagePlanName": "dev-standard",
      },
      "Type": "AWS::ApiGateway::UsagePlan",
    },
    "BacklogMcpUsagePlanUsagePlanKeyResourceTestStackBacklogMcpApiKey7E17E8DCF9D378FE": Object {
      "Properties": Object {
        "KeyId": Object {
          "Ref": "BacklogMcpApiKey5D31321F",
        },
        "KeyType": "API_KEY",
        "UsagePlanId": Object {
          "Ref": "BacklogMcpUsagePlan75DA7E58",
        },
      },
      "Type": "AWS::ApiGateway::UsagePlanKey",
    },
    "LambdaExecutionPolicy01E61603": Object {
      "Properties": Object {
        "PolicyDocument": Object {
          "Statement": Array [
            Object {
              "Action": Array [
                "logs:CreateLogGroup",
                "logs:CreateLogStream",
                "logs:PutLogEvents",
              ],
              "Effect": "Allow",
              "Resource": "arn:aws:logs:*:*:log-group:/aws/lambda/backlog-mcp-dev-function:*",
            },
            Object {
              "Action": Array [
                "xray:PutTraceSegments",
                "xray:PutTelemetryRecords",
              ],
              "Effect": "Allow",
              "Resource": "*",
            },
          ],
          "Version": "2012-10-17",
        },
        "PolicyName": "LambdaExecutionPolicy01E61603",
        "Roles": Array [
          Object {
            "Ref": "LambdaExecutionRoleD5C26073",
          },
        ],
      },
      "Type": "AWS::IAM::Policy",
    },
    "LambdaExecutionRoleD5C26073": Object {
      "Properties": Object {
        "AssumeRolePolicyDocument": Object {
          "Statement": Array [
            Object {
              "Action": "sts:AssumeRole",
              "Effect": "Allow",
              "Principal": Object {
                "Service": "lambda.amazonaws.com",
              },
            },
          ],
          "Version": "2012-10-17",
        },
        "Description": "Execution role for Backlog MCP Lambda (dev)",
      },
      "Type": "AWS::IAM::Role",
    },
    "LambdaExecutionRoleDefaultPolicy6D69732F": Object {
      "Properties": Object {
        "PolicyDocument": Object {
          "Statement": Array [
            Object {
              "Action": Array [
                "xray:PutTraceSegments",
                "xray:PutTelemetryRecords",
              ],
              "Effect": "Allow",
              "Resource": "*",
            },
          ],
          "Version": "2012-10-17",
        },
        "PolicyName": "LambdaExecutionRoleDefaultPolicy6D69732F",
        "Roles": Array [
          Object {
            "Ref": "LambdaExecutionRoleD5C26073",
          },
        ],
      },
      "Type": "AWS::IAM::Policy",
    },
    "LambdaLogGroup2CA1C11F": Object {
      "DeletionPolicy": "Delete",
      "Properties": Object {
        "LogGroupName": "/aws/lambda/backlog-mcp-dev-function",
        "RetentionInDays": 14,
      },
      "Type": "AWS::Logs::LogGroup",
      "UpdateReplacePolicy": "Delete",
    },
    "SecurityHeadersE66B69D3": Object {
      "Properties": Object {
        "ResponseHeadersPolicyConfig": Object {
          "Name": "backlog-mcp-dev-security-headers",
          "SecurityHeadersConfig": Object {
            "ContentTypeOptions": Object {
              "Override": true,
            },
            "FrameOptions": Object {
              "FrameOption": "DENY",
              "Override": true,
            },
            "ReferrerPolicy": Object {
              "Override": true,
              "ReferrerPolicy": "same-origin",
            },
            "StrictTransportSecurity": Object {
              "AccessControlMaxAgeSec": 63072000,
              "IncludeSubdomains": true,
              "Override": true,
              "Preload": true,
            },
            "XSSProtection": Object {
              "ModeBlock": true,
              "Override": true,
              "Protection": true,
            },
          },
        },
      },
      "Type": "AWS::CloudFront::ResponseHeadersPolicy",
    },
  },
  "Rules": Object {
    "CheckBootstrapVersion": Object {
      "Assertions": Array [
        Object {
          "Assert": Object {
            "Fn::Not": Array [
              Object {
                "Fn::Contains": Array [
                  Array [
                    "1",
                    "2",
                    "3",
                    "4",
                    "5",
                  ],
                  Object {
                    "Ref": "BootstrapVersion",
                  },
                ],
              },
            ],
          },
          "AssertDescription": "CDK bootstrap stack version 6 required. Please run 'cdk bootstrap' with a recent version of the CDK CLI.",
        },
      ],
    },
  },
}
`;
